Riviera-PRO 2023.04.112.8911(Linux64) 2026-01-13 09:52:57

Elaboration top modules:
Verilog Module                testbench


---------------------------------------------------------------------------------------
Verilog Module          | Library | Info | Compiler Version      | Compilation Options
---------------------------------------------------------------------------------------
testbench               | work    |      | 2023.04.112 (Linux64) | -timescale 1ns/1ns
async_fifo              | work    |      | 2023.04.112 (Linux64) | -timescale 1ns/1ns
wptr_handler            | work    |      | 2023.04.112 (Linux64) | -timescale 1ns/1ns
rptr_handler            | work    |      | 2023.04.112 (Linux64) | -timescale 1ns/1ns
synchronizer            | work    |      | 2023.04.112 (Linux64) | -timescale 1ns/1ns
dpram                   | work    |      | 2023.04.112 (Linux64) | -timescale 1ns/1ns
---------------------------------------------------------------------------------------

---------------------------------------------------------------------------------------
Library                 | Comment
---------------------------------------------------------------------------------------
work                    | None
---------------------------------------------------------------------------------------


Simulation Options: asim +access+r


The performance of simulation is reduced. Version EDU Edition
